\BOOKMARK [1][-]{section.1}{\376\377\000I\000n\000t\000r\000o\000d\000u\000c\000t\000i\000o\000n}{}% 1
\BOOKMARK [1][-]{section.2}{\376\377\000R\000e\000l\000a\000t\000e\000d\000\040\000W\000o\000r\000k}{}% 2
\BOOKMARK [1][-]{section.3}{\376\377\000S\000y\000s\000t\000e\000m\000\040\000A\000r\000c\000h\000i\000t\000e\000c\000t\000u\000r\000e}{}% 3
\BOOKMARK [2][-]{subsection.3.1}{\376\377\000H\000i\000g\000h\000-\000L\000e\000v\000e\000l\000\040\000A\000r\000c\000h\000i\000t\000e\000c\000t\000u\000r\000e}{section.3}% 4
\BOOKMARK [2][-]{subsection.3.2}{\376\377\000C\000o\000r\000e\000\040\000C\000o\000m\000p\000o\000n\000e\000n\000t\000s}{section.3}% 5
\BOOKMARK [3][-]{subsubsection.3.2.1}{\376\377\000A\000u\000t\000h\000e\000n\000t\000i\000c\000a\000t\000i\000o\000n\000\040\000S\000e\000r\000v\000i\000c\000e}{subsection.3.2}% 6
\BOOKMARK [3][-]{subsubsection.3.2.2}{\376\377\000C\000r\000y\000p\000t\000o\000g\000r\000a\000p\000h\000i\000c\000\040\000E\000n\000g\000i\000n\000e}{subsection.3.2}% 7
\BOOKMARK [3][-]{subsubsection.3.2.3}{\376\377\000Z\000e\000r\000o\000-\000K\000n\000o\000w\000l\000e\000d\000g\000e\000\040\000V\000e\000r\000i\000f\000i\000c\000a\000t\000i\000o\000n}{subsection.3.2}% 8
\BOOKMARK [3][-]{subsubsection.3.2.4}{\376\377\000M\000u\000l\000t\000i\000-\000A\000g\000e\000n\000t\000\040\000C\000o\000n\000s\000e\000n\000s\000u\000s}{subsection.3.2}% 9
\BOOKMARK [1][-]{section.4}{\376\377\000A\000l\000g\000o\000r\000i\000t\000h\000m\000s\000\040\000a\000n\000d\000\040\000I\000m\000p\000l\000e\000m\000e\000n\000t\000a\000t\000i\000o\000n}{}% 10
\BOOKMARK [2][-]{subsection.4.1}{\376\377\000P\000o\000s\000t\000-\000Q\000u\000a\000n\000t\000u\000m\000\040\000C\000r\000y\000p\000t\000o\000g\000r\000a\000p\000h\000y}{section.4}% 11
\BOOKMARK [3][-]{subsubsection.4.1.1}{\376\377\000K\000y\000b\000e\000r\000\040\000K\000e\000y\000\040\000E\000n\000c\000a\000p\000s\000u\000l\000a\000t\000i\000o\000n}{subsection.4.1}% 12
\BOOKMARK [3][-]{subsubsection.4.1.2}{\376\377\000F\000a\000l\000c\000o\000n\000\040\000D\000i\000g\000i\000t\000a\000l\000\040\000S\000i\000g\000n\000a\000t\000u\000r\000e\000s}{subsection.4.1}% 13
\BOOKMARK [2][-]{subsection.4.2}{\376\377\000Z\000e\000r\000o\000-\000K\000n\000o\000w\000l\000e\000d\000g\000e\000\040\000P\000r\000o\000o\000f\000s}{section.4}% 14
\BOOKMARK [3][-]{subsubsection.4.2.1}{\376\377\000C\000o\000n\000t\000e\000x\000t\000\040\000V\000e\000r\000i\000f\000i\000c\000a\000t\000i\000o\000n\000\040\000C\000i\000r\000c\000u\000i\000t}{subsection.4.2}% 15
\BOOKMARK [2][-]{subsection.4.3}{\376\377\000M\000u\000l\000t\000i\000-\000A\000g\000e\000n\000t\000\040\000C\000o\000n\000s\000e\000n\000s\000u\000s}{section.4}% 16
\BOOKMARK [3][-]{subsubsection.4.3.1}{\376\377\000A\000g\000e\000n\000t\000\040\000D\000e\000c\000i\000s\000i\000o\000n\000\040\000P\000r\000o\000c\000e\000s\000s}{subsection.4.3}% 17
\BOOKMARK [3][-]{subsubsection.4.3.2}{\376\377\000C\000o\000n\000s\000e\000n\000s\000u\000s\000\040\000A\000l\000g\000o\000r\000i\000t\000h\000m}{subsection.4.3}% 18
\BOOKMARK [2][-]{subsection.4.4}{\376\377\000T\000r\000u\000s\000t\000\040\000S\000c\000o\000r\000i\000n\000g\000\040\000E\000n\000g\000i\000n\000e}{section.4}% 19
\BOOKMARK [3][-]{subsubsection.4.4.1}{\376\377\000T\000r\000u\000s\000t\000\040\000M\000e\000t\000r\000i\000c\000s\000\040\000C\000a\000l\000c\000u\000l\000a\000t\000i\000o\000n}{subsection.4.4}% 20
\BOOKMARK [1][-]{section.5}{\376\377\000S\000y\000s\000t\000e\000m\000\040\000I\000n\000i\000t\000i\000a\000l\000i\000z\000a\000t\000i\000o\000n\000\040\000S\000e\000q\000u\000e\000n\000c\000e}{}% 21
\BOOKMARK [2][-]{subsection.5.1}{\376\377\000P\000l\000a\000t\000f\000o\000r\000m\000\040\000S\000t\000a\000r\000t\000u\000p}{section.5}% 22
\BOOKMARK [2][-]{subsection.5.2}{\376\377\000D\000a\000t\000a\000b\000a\000s\000e\000\040\000I\000n\000i\000t\000i\000a\000l\000i\000z\000a\000t\000i\000o\000n}{section.5}% 23
\BOOKMARK [1][-]{section.6}{\376\377\000A\000u\000t\000h\000e\000n\000t\000i\000c\000a\000t\000i\000o\000n\000\040\000S\000e\000q\000u\000e\000n\000c\000e}{}% 24
\BOOKMARK [2][-]{subsection.6.1}{\376\377\000U\000s\000e\000r\000\040\000L\000o\000g\000i\000n}{section.6}% 25
\BOOKMARK [2][-]{subsection.6.2}{\376\377\000R\000e\000q\000u\000e\000s\000t\000\040\000A\000u\000t\000h\000e\000n\000t\000i\000c\000a\000t\000i\000o\000n}{section.6}% 26
\BOOKMARK [1][-]{section.7}{\376\377\000D\000a\000t\000a\000\040\000A\000c\000c\000e\000s\000s\000\040\000S\000e\000q\000u\000e\000n\000c\000e}{}% 27
\BOOKMARK [2][-]{subsection.7.1}{\376\377\000V\000a\000u\000l\000t\000\040\000C\000r\000e\000a\000t\000i\000o\000n}{section.7}% 28
\BOOKMARK [2][-]{subsection.7.2}{\376\377\000S\000e\000c\000r\000e\000t\000\040\000S\000t\000o\000r\000a\000g\000e}{section.7}% 29
\BOOKMARK [2][-]{subsection.7.3}{\376\377\000S\000e\000c\000r\000e\000t\000\040\000R\000e\000t\000r\000i\000e\000v\000a\000l}{section.7}% 30
\BOOKMARK [1][-]{section.8}{\376\377\000Z\000e\000r\000o\000-\000K\000n\000o\000w\000l\000e\000d\000g\000e\000\040\000P\000r\000o\000o\000f\000\040\000S\000e\000q\000u\000e\000n\000c\000e}{}% 31
\BOOKMARK [2][-]{subsection.8.1}{\376\377\000P\000r\000o\000o\000f\000\040\000G\000e\000n\000e\000r\000a\000t\000i\000o\000n}{section.8}% 32
\BOOKMARK [2][-]{subsection.8.2}{\376\377\000P\000r\000o\000o\000f\000\040\000V\000e\000r\000i\000f\000i\000c\000a\000t\000i\000o\000n}{section.8}% 33
\BOOKMARK [1][-]{section.9}{\376\377\000M\000u\000l\000t\000i\000-\000A\000g\000e\000n\000t\000\040\000C\000o\000n\000s\000e\000n\000s\000u\000s\000\040\000S\000e\000q\000u\000e\000n\000c\000e}{}% 34
\BOOKMARK [2][-]{subsection.9.1}{\376\377\000D\000e\000c\000i\000s\000i\000o\000n\000\040\000R\000e\000q\000u\000e\000s\000t}{section.9}% 35
\BOOKMARK [2][-]{subsection.9.2}{\376\377\000A\000g\000e\000n\000t\000\040\000D\000e\000c\000i\000s\000i\000o\000n\000\040\000P\000r\000o\000c\000e\000s\000s}{section.9}% 36
\BOOKMARK [2][-]{subsection.9.3}{\376\377\000C\000o\000n\000s\000e\000n\000s\000u\000s\000\040\000A\000g\000g\000r\000e\000g\000a\000t\000i\000o\000n}{section.9}% 37
\BOOKMARK [1][-]{section.10}{\376\377\000S\000e\000c\000u\000r\000i\000t\000y\000\040\000A\000n\000a\000l\000y\000s\000i\000s}{}% 38
\BOOKMARK [2][-]{subsection.10.1}{\376\377\000C\000r\000y\000p\000t\000o\000g\000r\000a\000p\000h\000i\000c\000\040\000S\000e\000c\000u\000r\000i\000t\000y}{section.10}% 39
\BOOKMARK [2][-]{subsection.10.2}{\376\377\000A\000c\000c\000e\000s\000s\000\040\000C\000o\000n\000t\000r\000o\000l}{section.10}% 40
\BOOKMARK [2][-]{subsection.10.3}{\376\377\000T\000h\000r\000e\000a\000t\000\040\000D\000e\000t\000e\000c\000t\000i\000o\000n}{section.10}% 41
\BOOKMARK [1][-]{section.11}{\376\377\000P\000e\000r\000f\000o\000r\000m\000a\000n\000c\000e\000\040\000E\000v\000a\000l\000u\000a\000t\000i\000o\000n}{}% 42
\BOOKMARK [2][-]{subsection.11.1}{\376\377\000B\000e\000n\000c\000h\000m\000a\000r\000k\000i\000n\000g\000\040\000M\000e\000t\000h\000o\000d\000o\000l\000o\000g\000y}{section.11}% 43
\BOOKMARK [2][-]{subsection.11.2}{\376\377\000S\000e\000q\000u\000e\000n\000t\000i\000a\000l\000\040\000P\000e\000r\000f\000o\000r\000m\000a\000n\000c\000e\000\040\000R\000e\000s\000u\000l\000t\000s}{section.11}% 44
\BOOKMARK [2][-]{subsection.11.3}{\376\377\000C\000o\000n\000c\000u\000r\000r\000e\000n\000t\000\040\000P\000e\000r\000f\000o\000r\000m\000a\000n\000c\000e\000\040\000R\000e\000s\000u\000l\000t\000s}{section.11}% 45
\BOOKMARK [2][-]{subsection.11.4}{\376\377\000S\000u\000c\000c\000e\000s\000s\000\040\000R\000a\000t\000e\000s}{section.11}% 46
\BOOKMARK [2][-]{subsection.11.5}{\376\377\000P\000e\000r\000f\000o\000r\000m\000a\000n\000c\000e\000\040\000A\000n\000a\000l\000y\000s\000i\000s}{section.11}% 47
\BOOKMARK [1][-]{section.12}{\376\377\000A\000P\000I\000\040\000E\000n\000d\000p\000o\000i\000n\000t\000s}{}% 48
\BOOKMARK [2][-]{subsection.12.1}{\376\377\000A\000u\000t\000h\000e\000n\000t\000i\000c\000a\000t\000i\000o\000n\000\040\000E\000n\000d\000p\000o\000i\000n\000t\000s}{section.12}% 49
\BOOKMARK [3][-]{subsubsection.12.1.1}{\376\377\000G\000E\000T\000\040\000/\000a\000u\000t\000h\000/\000h\000e\000a\000l\000t\000h}{subsection.12.1}% 50
\BOOKMARK [3][-]{subsubsection.12.1.2}{\376\377\000G\000E\000T\000\040\000/\000a\000u\000t\000h\000/\000i\000n\000f\000o}{subsection.12.1}% 51
\BOOKMARK [3][-]{subsubsection.12.1.3}{\376\377\000P\000O\000S\000T\000\040\000/\000a\000u\000t\000h\000/\000l\000o\000g\000i\000n}{subsection.12.1}% 52
\BOOKMARK [3][-]{subsubsection.12.1.4}{\376\377\000P\000O\000S\000T\000\040\000/\000a\000u\000t\000h\000/\000r\000e\000g\000i\000s\000t\000e\000r}{subsection.12.1}% 53
\BOOKMARK [2][-]{subsection.12.2}{\376\377\000H\000e\000a\000l\000t\000h\000\040\000C\000h\000e\000c\000k\000\040\000E\000n\000d\000p\000o\000i\000n\000t\000s}{section.12}% 54
\BOOKMARK [3][-]{subsubsection.12.2.1}{\376\377\000G\000E\000T\000\040\000/\000h\000e\000a\000l\000t\000h}{subsection.12.2}% 55
\BOOKMARK [3][-]{subsubsection.12.2.2}{\376\377\000G\000E\000T\000\040\000/\000h\000e\000a\000l\000t\000h\000/\000d\000e\000t\000a\000i\000l\000e\000d}{subsection.12.2}% 56
\BOOKMARK [3][-]{subsubsection.12.2.3}{\376\377\000G\000E\000T\000\040\000/\000v\000e\000r\000s\000i\000o\000n}{subsection.12.2}% 57
\BOOKMARK [2][-]{subsection.12.3}{\376\377\000V\000a\000u\000l\000t\000\040\000M\000a\000n\000a\000g\000e\000m\000e\000n\000t\000\040\000E\000n\000d\000p\000o\000i\000n\000t\000s}{section.12}% 58
\BOOKMARK [3][-]{subsubsection.12.3.1}{\376\377\000P\000O\000S\000T\000\040\000/\000v\000a\000u\000l\000t\000s}{subsection.12.3}% 59
\BOOKMARK [3][-]{subsubsection.12.3.2}{\376\377\000G\000E\000T\000\040\000/\000v\000a\000u\000l\000t\000s\000/\000\173\000v\000a\000u\000l\000t\000\137\000i\000d\000\175}{subsection.12.3}% 60
\BOOKMARK [1][-]{section.13}{\376\377\000R\000e\000s\000e\000a\000r\000c\000h\000\040\000C\000o\000n\000t\000r\000i\000b\000u\000t\000i\000o\000n\000s}{}% 61
\BOOKMARK [2][-]{subsection.13.1}{\376\377\000P\000r\000i\000v\000a\000c\000y\000-\000P\000r\000e\000s\000e\000r\000v\000i\000n\000g\000\040\000V\000e\000r\000i\000f\000i\000c\000a\000t\000i\000o\000n}{section.13}% 62
\BOOKMARK [2][-]{subsection.13.2}{\376\377\000D\000e\000c\000e\000n\000t\000r\000a\000l\000i\000z\000e\000d\000\040\000I\000d\000e\000n\000t\000i\000t\000y\000\040\000M\000a\000n\000a\000g\000e\000m\000e\000n\000t}{section.13}% 63
\BOOKMARK [2][-]{subsection.13.3}{\376\377\000A\000d\000a\000p\000t\000i\000v\000e\000\040\000T\000r\000u\000s\000t\000\040\000M\000o\000d\000e\000l\000s}{section.13}% 64
\BOOKMARK [2][-]{subsection.13.4}{\376\377\000A\000u\000d\000i\000t\000a\000b\000i\000l\000i\000t\000y}{section.13}% 65
\BOOKMARK [2][-]{subsection.13.5}{\376\377\000S\000c\000a\000l\000a\000b\000i\000l\000i\000t\000y}{section.13}% 66
\BOOKMARK [1][-]{section.14}{\376\377\000F\000u\000t\000u\000r\000e\000\040\000P\000o\000t\000e\000n\000t\000i\000a\000l\000\040\000a\000n\000d\000\040\000R\000o\000a\000d\000m\000a\000p}{}% 67
\BOOKMARK [2][-]{subsection.14.1}{\376\377\000C\000u\000r\000r\000e\000n\000t\000\040\000S\000t\000a\000t\000e\000\040\000A\000n\000a\000l\000y\000s\000i\000s}{section.14}% 68
\BOOKMARK [3][-]{subsubsection.14.1.1}{\376\377\000T\000e\000c\000h\000n\000i\000c\000a\000l\000\040\000M\000a\000t\000u\000r\000i\000t\000y}{subsection.14.1}% 69
\BOOKMARK [3][-]{subsubsection.14.1.2}{\376\377\000M\000a\000r\000k\000e\000t\000\040\000P\000o\000s\000i\000t\000i\000o\000n}{subsection.14.1}% 70
\BOOKMARK [2][-]{subsection.14.2}{\376\377\000S\000h\000o\000r\000t\000-\000T\000e\000r\000m\000\040\000P\000o\000t\000e\000n\000t\000i\000a\000l\000\040\000\050\0006\000-\0001\0002\000\040\000m\000o\000n\000t\000h\000s\000\051}{section.14}% 71
\BOOKMARK [3][-]{subsubsection.14.2.1}{\376\377\000M\000a\000r\000k\000e\000t\000\040\000E\000x\000p\000a\000n\000s\000i\000o\000n}{subsection.14.2}% 72
\BOOKMARK [3][-]{subsubsection.14.2.2}{\376\377\000T\000e\000c\000h\000n\000o\000l\000o\000g\000y\000\040\000E\000n\000h\000a\000n\000c\000e\000m\000e\000n\000t\000s}{subsection.14.2}% 73
\BOOKMARK [3][-]{subsubsection.14.2.3}{\376\377\000F\000e\000a\000t\000u\000r\000e\000\040\000D\000e\000v\000e\000l\000o\000p\000m\000e\000n\000t}{subsection.14.2}% 74
\BOOKMARK [2][-]{subsection.14.3}{\376\377\000M\000e\000d\000i\000u\000m\000-\000T\000e\000r\000m\000\040\000P\000o\000t\000e\000n\000t\000i\000a\000l\000\040\000\050\0001\000-\0002\000\040\000y\000e\000a\000r\000s\000\051}{section.14}% 75
\BOOKMARK [3][-]{subsubsection.14.3.1}{\376\377\000A\000d\000v\000a\000n\000c\000e\000d\000\040\000A\000I\000/\000M\000L\000\040\000I\000n\000t\000e\000g\000r\000a\000t\000i\000o\000n}{subsection.14.3}% 76
\BOOKMARK [3][-]{subsubsection.14.3.2}{\376\377\000B\000l\000o\000c\000k\000c\000h\000a\000i\000n\000\040\000a\000n\000d\000\040\000D\000e\000c\000e\000n\000t\000r\000a\000l\000i\000z\000a\000t\000i\000o\000n}{subsection.14.3}% 77
\BOOKMARK [3][-]{subsubsection.14.3.3}{\376\377\000E\000d\000g\000e\000\040\000C\000o\000m\000p\000u\000t\000i\000n\000g}{subsection.14.3}% 78
\BOOKMARK [2][-]{subsection.14.4}{\376\377\000L\000o\000n\000g\000-\000T\000e\000r\000m\000\040\000P\000o\000t\000e\000n\000t\000i\000a\000l\000\040\000\050\0002\000-\0005\000\040\000y\000e\000a\000r\000s\000\051}{section.14}% 79
\BOOKMARK [3][-]{subsubsection.14.4.1}{\376\377\000Q\000u\000a\000n\000t\000u\000m\000-\000R\000e\000s\000i\000s\000t\000a\000n\000t\000\040\000E\000n\000h\000a\000n\000c\000e\000m\000e\000n\000t\000s}{subsection.14.4}% 80
\BOOKMARK [3][-]{subsubsection.14.4.2}{\376\377\000A\000u\000t\000o\000n\000o\000m\000o\000u\000s\000\040\000S\000e\000c\000u\000r\000i\000t\000y\000\040\000S\000y\000s\000t\000e\000m\000s}{subsection.14.4}% 81
\BOOKMARK [3][-]{subsubsection.14.4.3}{\376\377\000M\000e\000t\000a\000v\000e\000r\000s\000e\000\040\000a\000n\000d\000\040\000E\000x\000t\000e\000n\000d\000e\000d\000\040\000R\000e\000a\000l\000i\000t\000y}{subsection.14.4}% 82
\BOOKMARK [1][-]{section.15}{\376\377\000C\000o\000m\000p\000r\000e\000h\000e\000n\000s\000i\000v\000e\000\040\000B\000e\000h\000a\000v\000i\000o\000r\000\040\000A\000n\000a\000l\000y\000s\000i\000s}{}% 83
\BOOKMARK [2][-]{subsection.15.1}{\376\377\000T\000r\000u\000s\000t\000\040\000B\000u\000i\000l\000d\000i\000n\000g\000\040\000a\000n\000d\000\040\000E\000v\000o\000l\000u\000t\000i\000o\000n}{section.15}% 84
\BOOKMARK [2][-]{subsection.15.2}{\376\377\000T\000r\000u\000s\000t\000\040\000F\000a\000l\000l\000\040\000S\000c\000e\000n\000a\000r\000i\000o\000s}{section.15}% 85
\BOOKMARK [2][-]{subsection.15.3}{\376\377\000A\000c\000c\000e\000s\000s\000\040\000C\000o\000n\000t\000r\000o\000l\000\040\000B\000a\000s\000e\000d\000\040\000o\000n\000\040\000T\000r\000u\000s\000t}{section.15}% 86
\BOOKMARK [2][-]{subsection.15.4}{\376\377\000Z\000e\000r\000o\000-\000K\000n\000o\000w\000l\000e\000d\000g\000e\000\040\000V\000e\000r\000i\000f\000i\000c\000a\000t\000i\000o\000n\000\040\000A\000c\000c\000u\000r\000a\000c\000y}{section.15}% 87
\BOOKMARK [1][-]{section.16}{\376\377\000C\000o\000n\000c\000l\000u\000s\000i\000o\000n}{}% 88
